// Jest Snapshot v1, https://goo.gl/fbAQLP

exports[`Add pages Fails if component path is missing 1`] = `"The plugin \\"test\\" must set the absolute path to the page component when create creating a page"`;

exports[`Add pages Fails if path is missing 1`] = `"The plugin \\"test\\" must set the page path when creating a page"`;

exports[`Add pages Fails if the component path isn't absolute 1`] = `"The plugin \\"test\\" must set the absolute path to the page component when create creating a page"`;

exports[`Add pages allows you to add multiple pages 1`] = `
Array [
  Object {
    "component": "/whatever/index.js",
    "componentChunkName": "component---whatever-index-js",
    "context": Object {},
    "internalComponentName": "ComponentHi",
    "jsonName": "hi.json",
    "layout": null,
    "matchPath": undefined,
    "path": "/hi/",
    "pluginCreatorId": "test",
    "pluginCreator___NODE": "test",
    "updatedAt": 1482363367071,
  },
  Object {
    "component": "/whatever/index.js",
    "componentChunkName": "component---whatever-index-js",
    "context": Object {},
    "internalComponentName": "ComponentHiPizza",
    "jsonName": "hi-pizza.json",
    "layout": null,
    "matchPath": undefined,
    "path": "/hi/pizza/",
    "pluginCreatorId": "test",
    "pluginCreator___NODE": "test",
    "updatedAt": 1482363367071,
  },
]
`;

exports[`Add pages allows you to add pages 1`] = `
Object {
  "payload": Object {
    "component": "/whatever/index.js",
    "componentChunkName": "component---whatever-index-js",
    "context": Object {},
    "internalComponentName": "ComponentHi",
    "jsonName": "hi.json",
    "layout": null,
    "matchPath": undefined,
    "path": "/hi/",
    "pluginCreatorId": "test",
    "pluginCreator___NODE": "test",
    "updatedAt": 1482363367071,
  },
  "plugin": Object {
    "id": "test",
    "name": "test",
  },
  "traceId": undefined,
  "type": "CREATE_PAGE",
}
`;

exports[`Add pages allows you to add pages 2`] = `
Array [
  Object {
    "component": "/whatever/index.js",
    "componentChunkName": "component---whatever-index-js",
    "context": Object {},
    "internalComponentName": "ComponentHi",
    "jsonName": "hi.json",
    "layout": null,
    "matchPath": undefined,
    "path": "/hi/",
    "pluginCreatorId": "test",
    "pluginCreator___NODE": "test",
    "updatedAt": 1482363367071,
  },
]
`;

exports[`Add pages allows you to add pages with context 1`] = `
Object {
  "payload": Object {
    "component": "/whatever/index.js",
    "componentChunkName": "component---whatever-index-js",
    "context": Object {
      "id": 123,
    },
    "internalComponentName": "ComponentHi",
    "jsonName": "hi.json",
    "layout": null,
    "matchPath": undefined,
    "path": "/hi/",
    "pluginCreatorId": "test",
    "pluginCreator___NODE": "test",
    "updatedAt": 1482363367071,
  },
  "plugin": Object {
    "id": "test",
    "name": "test",
  },
  "traceId": undefined,
  "type": "CREATE_PAGE",
}
`;

exports[`Add pages allows you to add pages with context 2`] = `
Array [
  Object {
    "component": "/whatever/index.js",
    "componentChunkName": "component---whatever-index-js",
    "context": Object {
      "id": 123,
    },
    "internalComponentName": "ComponentHi",
    "jsonName": "hi.json",
    "layout": null,
    "matchPath": undefined,
    "path": "/hi/",
    "pluginCreatorId": "test",
    "pluginCreator___NODE": "test",
    "updatedAt": 1482363367071,
  },
]
`;

exports[`Add pages allows you to add pages with matchPath 1`] = `
Object {
  "payload": Object {
    "component": "/whatever/index.js",
    "componentChunkName": "component---whatever-index-js",
    "context": Object {},
    "internalComponentName": "ComponentHi",
    "jsonName": "hi.json",
    "layout": null,
    "matchPath": "/hi-from-somewhere-else/",
    "path": "/hi/",
    "pluginCreatorId": "test",
    "pluginCreator___NODE": "test",
    "updatedAt": 1482363367071,
  },
  "plugin": Object {
    "id": "test",
    "name": "test",
  },
  "traceId": undefined,
  "type": "CREATE_PAGE",
}
`;

exports[`Add pages allows you to add pages with matchPath 2`] = `
Array [
  Object {
    "component": "/whatever/index.js",
    "componentChunkName": "component---whatever-index-js",
    "context": Object {},
    "internalComponentName": "ComponentHi",
    "jsonName": "hi.json",
    "layout": null,
    "matchPath": "/hi-from-somewhere-else/",
    "path": "/hi/",
    "pluginCreatorId": "test",
    "pluginCreator___NODE": "test",
    "updatedAt": 1482363367071,
  },
]
`;

exports[`Add pages allows you to delete paths 1`] = `Array []`;

exports[`Add pages allows you to update existing pages (based on path) 1`] = `
Array [
  Object {
    "component": "/whatever2/index.js",
    "componentChunkName": "component---whatever-2-index-js",
    "context": Object {},
    "internalComponentName": "ComponentHi",
    "jsonName": "hi.json",
    "layout": null,
    "matchPath": undefined,
    "path": "/hi/",
    "pluginCreatorId": "test",
    "pluginCreator___NODE": "test",
    "updatedAt": 1482363367071,
  },
]
`;
